=== ModalQueueService ===
src/app/main-game/roulette-container/roulette-container.component.spec.ts
src/app/main-game/roulette-container/roulette-container.component.ts
src/app/main-game/roulette-container/roulettes/base-battle-roulette/base-battle-roulette.component.ts
src/app/main-game/roulette-container/roulettes/elite-four-battle-roulette/elite-four-battle-roulette.component.spec.ts
src/app/main-game/roulette-container/roulettes/elite-four-battle-roulette/elite-four-battle-roulette.component.ts
src/app/main-game/roulette-container/roulettes/elite-four-prep-roulette/elite-four-prep-roulette.component.ts
src/app/main-game/roulette-container/roulettes/find-item-roulette/find-item-roulette.component.ts
src/app/main-game/roulette-container/roulettes/gym-battle-roulette/gym-battle-roulette.component.spec.ts
src/app/main-game/roulette-container/roulettes/gym-battle-roulette/gym-battle-roulette.component.ts
src/app/services/modal-queue-service/modal-queue.service.ts
=== Modal pattern - how modals are pushed ===
=== Existing modal components ===
src/app/pokedex/pokedex-detail-modal
src/app/pokedex/pokedex-detail-modal/pokedex-detail-modal.component.css
src/app/pokedex/pokedex-detail-modal/pokedex-detail-modal.component.html
src/app/pokedex/pokedex-detail-modal/pokedex-detail-modal.component.spec.ts
src/app/pokedex/pokedex-detail-modal/pokedex-detail-modal.component.ts
src/app/services/modal-queue-service
src/app/services/modal-queue-service/modal-queue.service.ts
=== TrainerService megaBattleBaseId ===
60:  private megaBattleBaseId: number | null = null;
282:  getMegaBattleCandidates(): PokemonItem[] {
313:    this.megaBattleBaseId = baseId;
363:    changed = this.applyMegaForms() || changed;
382:  private applyMegaForms(): boolean {
384:    if (this.megaBattleBaseId === null) {
385:      const candidates = this.getMegaBattleCandidates();
387:        this.megaBattleBaseId = candidates[0].pokemonId;
390:    if (this.megaBattleBaseId === null) return false;
392:    const baseId = this.megaBattleBaseId;
441:      this.megaBattleBaseId = null;
=== BaseBattleRouletteComponent location ===
src/app/main-game/roulette-container/roulettes/base-battle-roulette
src/app/main-game/roulette-container/roulettes/base-battle-roulette/base-battle-roulette.component.ts
=== GameState literals around battle ===
31:  | 'elite-four-preparation'
32:  | 'elite-four-battle'
33:  | 'champion-battle'
