=== i18n files ===
de.json
en.json
es.json
fr.json
it.json
pt.json

=== pokemon-from-aux-list template ===
<h1 class="title">{{wheelTitle | translate}}</h1>
<app-wheel  #wheel
            [items]="trainerTeam"
            (selectedItemEvent)="onItemSelected($event)">
</app-wheel>

=== roulette-container template (relevant section) ===
36:  @case ('select-from-pokemon-list') {
39:        [wheelTitle]="customWheelTitle"
40:        [trainerTeam]="auxPokemonList"

=== addToItems signature ===
217:  addToItems(item: ItemItem): void {
218-
219-    item = structuredClone(item);
220-
221-    if (!item.sprite) {
222-      this.itemSpriteService.getItemSprite(item.name).subscribe(response => {
