=== elite-four-battle-roulette onGameStateChange ===
52:    private modalQueueService: ModalQueueService,
74:          this.usePotion(potion, () => this.modalQueueService.open(this.itemUsedModal, { centered: true, size: 'md' }));
82:  protected override onGameStateChange(state: string): void {
86:      this.modalQueueService.open(this.eliteFourPresentationModal, { centered: true, size: 'lg' });
=== champion battle component ===
src/app/main-game/roulette-container/roulettes/champion-battle-roulette
src/app/main-game/roulette-container/roulettes/champion-battle-roulette/champion-battle-roulette.component.css
src/app/main-game/roulette-container/roulettes/champion-battle-roulette/champion-battle-roulette.component.html
src/app/main-game/roulette-container/roulettes/champion-battle-roulette/champion-battle-roulette.component.spec.ts
src/app/main-game/roulette-container/roulettes/champion-battle-roulette/champion-battle-roulette.component.ts
src/app/main-game/roulette-container/roulettes/champion-battle-roulette/champion-by-generation.ts
=== roulette-container game states mega ===
27:import { megaStoneNameForBaseId } from '../../services/trainer-service/pokemon-mega-forms';
362:      case 'award-mega-stone':
365:      case 'select-mega-evolution':
680:    this.customWheelTitle = 'game.main.roulette.mega.whoMega';
681:    this.gameStateService.setNextState('select-mega-evolution');
709:    this.customWheelTitle = 'game.main.roulette.mega.who';
710:    this.gameStateService.setNextState('award-mega-stone');
721:      this.altPrizeText = 'game.main.altPrizes.megaStone.stone';
723:      this.altPrizeDescription = 'game.main.altPrizes.megaStone.stoneDesc';
=== TrainerService getMegaBattleCandidates context ===
  getFirstAvailableMegaStoneNameForPokemon(pokemon: PokemonItem): ItemName | undefined {
    const stoneName = megaStoneNameForBaseId(pokemon.pokemonId);
    if (stoneName !== undefined && !this.hasItem(stoneName)) {
      return stoneName;
    }
    return undefined;
  }

  /**
   * Returns team members (deduplicated by pokemonId) whose base pokemonId exists
   * in pokemonMegaForms AND for whom at least one mega stone is held.
   */
  getMegaBattleCandidates(): PokemonItem[] {
    const seen = new Set<number>();
    const candidates: PokemonItem[] = [];
    for (const pokemon of this.trainerTeam) {
      const baseId = pokemon.pokemonId;
      if (seen.has(baseId)) continue;
      if (!pokemonMegaForms[baseId]) continue;
      const stoneName = megaStoneNameForBaseId(baseId);
      if (stoneName !== undefined) {
        if (this.hasItem(stoneName)) {
          seen.add(baseId);
          candidates.push(pokemon);
        }
      } else {
        // Multi-stone case: check each mega form's associated stone
        const forms = pokemonMegaForms[baseId];
        const hasAnyStone = forms.some(form => {
          const formStoneName = megaStoneNameForBaseId(form.pokemonId);
          return formStoneName !== undefined && this.hasItem(formStoneName);
        });
        if (hasAnyStone) {
          seen.add(baseId);
          candidates.push(pokemon);
        }
      }
    }
    return candidates;
  }

  /** Sets which base Pokémon ID will mega-evolve at battle entry. Pass null to clear. */
  setMegaBattlePokemon(baseId: number | null): void {
    this.megaBattleBaseId = baseId;
  }

  removeItem(item: ItemItem): void {
    const index = this.trainerItems.indexOf(item);
    if (index !== -1) {
      this.trainerItems.splice(index, 1);
    }
    this.trainerItemsObservable.next(this.trainerItems);
  }

  getBadgesObservable(): Observable<Badge[]> {
    return this.trainerBadgesObservable.asObservable();
  }

  addBadge(fromRound: number, fromLeader: number = 0): void {
    this.badgesService.getBadge(this.generationService.getCurrentGeneration(), fromRound, fromLeader).subscribe(badge => {
      if (badge === undefined) return;
      this.trainerBadges.push(badge);
      this.trainerBadgesObservable.next(this.trainerBadges);
    })
  }

  resetTrainer() {
    this.trainer.next({ sprite: './place-holder-pixel.png' });
  }

  resetTeam() {
    this.trainerTeam = [];
    this.storedPokemon = [];
    this.trainerTeamObservable.next(this.trainerTeam);
  }

  resetItems() {
    this.trainerItems = [structuredClone(TrainerService.DEFAULT_POTION)];
    this.trainerItemsObservable.next(this.trainerItems);
  }

  resetBadges() {
    this.trainerBadges = [];
    this.trainerBadgesObservable.next(this.trainerBadges);
  }

  // Applies all battle-entry transforms in one pass with a single emit.
  // Temporary forms apply to team+stored; sticky forms apply to team only.
  private applyBattleForms(): void {
    let changed = false;
    changed = this.replaceTemporaryForms(this.trainerTeam, true) || changed;
    changed = this.replaceTemporaryForms(this.storedPokemon, true) || changed;
    changed = this.applyStickyFormsToCollection(this.trainerTeam) || changed;
    changed = this.applyMegaForms() || changed;

    if (changed) {
      this.trainerTeamObservable.next(this.getTeam());
    }
  }

  // Reverts temporary forms only. Sticky forms intentionally persist after battle.
  private revertBattleForms(): void {
    let changed = false;
    changed = this.replaceTemporaryForms(this.trainerTeam, false) || changed;
    changed = this.replaceTemporaryForms(this.storedPokemon, false) || changed;
    changed = this.revertMegaForms() || changed;

    if (changed) {
      this.trainerTeamObservable.next(this.getTeam());
    }
  }

  private applyMegaForms(): boolean {
    // Auto-select if exactly one candidate and none chosen yet
    if (this.megaBattleBaseId === null) {
      const candidates = this.getMegaBattleCandidates();
      if (candidates.length === 1) {
        this.megaBattleBaseId = candidates[0].pokemonId;
      }
    }
    if (this.megaBattleBaseId === null) return false;

    const baseId = this.megaBattleBaseId;
    const index = this.trainerTeam.findIndex(p => p.pokemonId === baseId);
    if (index === -1) return false;

    const forms = pokemonMegaForms[baseId];
    if (!forms) return false;

    const stoneName = megaStoneNameForBaseId(baseId);
    const megaForm = forms.find(() => stoneName !== undefined && this.hasItem(stoneName)) ?? forms[0];

    this.megaBattleOriginalPokemon = structuredClone(this.trainerTeam[index]);
    const replacement = structuredClone(megaForm);
    replacement.shiny = this.trainerTeam[index].shiny;
    replacement.sprite = null;
    this.loadPokemonSpriteIfMissing(replacement);
    this.trainerTeam[index] = replacement;
    console.log(`[Mega] Applying ${megaForm.text} for battle`);
    return true;
  }

  private revertMegaForms(): boolean {
    if (!this.megaBattleOriginalPokemon) return false;

    const original = this.megaBattleOriginalPokemon;
    const megaIdToBaseId = new Map<number, number>();
    for (const [baseIdStr, forms] of Object.entries(pokemonMegaForms)) {
      const baseId = Number(baseIdStr);
      for (const form of forms) {
        megaIdToBaseId.set(form.pokemonId, baseId);
      }
    }

    let reverted = false;
    for (let i = 0; i < this.trainerTeam.length; i++) {
      const pokemon = this.trainerTeam[i];
      const baseId = megaIdToBaseId.get(pokemon.pokemonId);
      if (baseId === undefined || baseId !== original.pokemonId) continue;

      const replacement = structuredClone(original);
      replacement.shiny = pokemon.shiny;
      replacement.sprite = null;
      this.loadPokemonSpriteIfMissing(replacement);
      this.trainerTeam[i] = replacement;
      reverted = true;
      console.log(`[Mega] Reverted to base form ${original.text}`);
      break;
    }

    if (reverted) {
      this.megaBattleBaseId = null;
      this.megaBattleOriginalPokemon = null;
    }
    return reverted;
  }

  private applyStickyFormsToCollection(collection: PokemonItem[]): boolean {
    let replaced = false;

    this.stickyBattleFormGroups.forEach(group => {
=== existing component structure ===
src/app/app.component.ts
src/app/coffee/coffee.component.ts
src/app/credits/credits.component.ts
src/app/items/items.component.ts
src/app/main-game/coffee-button/coffee-button.component.ts
src/app/main-game/credits-button/credits-button.component.ts
src/app/main-game/end-game/end-game.component.ts
src/app/main-game/game-over/game-over.component.ts
src/app/main-game/generation-map/generation-map.component.ts
src/app/main-game/language-selector/language-selector.component.ts
src/app/main-game/main-game.component.ts
src/app/main-game/roulette-container/roulette-container.component.ts
src/app/main-game/roulette-container/roulettes/base-battle-roulette/base-battle-roulette.component.ts
src/app/main-game/roulette-container/roulettes/catch-legendary-roulette/catch-legendary-roulette.component.ts
src/app/main-game/roulette-container/roulettes/catch-paradox-roulette/catch-paradox-roulette.component.ts
src/app/main-game/roulette-container/roulettes/cave-pokemon-roulette/cave-pokemon-roulette.component.ts
src/app/main-game/roulette-container/roulettes/champion-battle-roulette/champion-battle-roulette.component.ts
src/app/main-game/roulette-container/roulettes/character-select/character-select.component.ts
src/app/main-game/roulette-container/roulettes/check-evolution-roulette/check-evolution-roulette.component.ts
src/app/main-game/roulette-container/roulettes/elite-four-battle-roulette/elite-four-battle-roulette.component.ts
src/app/main-game/roulette-container/roulettes/elite-four-prep-roulette/elite-four-prep-roulette.component.ts
src/app/main-game/roulette-container/roulettes/explore-cave-roulette/explore-cave-roulette.component.ts
src/app/main-game/roulette-container/roulettes/find-item-roulette/find-item-roulette.component.ts
src/app/main-game/roulette-container/roulettes/fishing-roulette/fishing-roulette.component.ts
src/app/main-game/roulette-container/roulettes/fossil-roulette/fossil-roulette.component.ts
src/app/main-game/roulette-container/roulettes/generation-roulette/generation-roulette.component.ts
src/app/main-game/roulette-container/roulettes/gym-battle-roulette/gym-battle-roulette.component.ts
src/app/main-game/roulette-container/roulettes/legendary-roulette/legendary-roulette.component.ts
src/app/main-game/roulette-container/roulettes/main-adventure-roulette/main-adventure-roulette.component.ts
src/app/main-game/roulette-container/roulettes/mysterious-egg-roulette/mysterious-egg-roulette.component.ts
