=== megaStoneNameForBaseId ===
350: * Example: megaStoneNameForBaseId(3) → 'venusaur-ite'
352:export function megaStoneNameForBaseId(baseId: number): ItemName | undefined {
    384: 'rayquaza-ite',
    428: 'lopunny-ite',
    445: 'garchomp-ite',
    448: 'lucario-ite',
    460: 'abomasnow-ite',
    475: 'gallade-ite',
    531: 'audino-ite',
    719: 'diancie-ite',
    689: 'barbaracle-ite',
    691: 'dragalge-ite',
};

/**
 * Returns the kebab-case mega stone ItemName for a given base Pokémon ID,
 * or undefined if no stone mapping exists.
 * Example: megaStoneNameForBaseId(3) → 'venusaur-ite'
 */
export function megaStoneNameForBaseId(baseId: number): ItemName | undefined {
    return _baseIdToStoneName[baseId];
}

=== i18n altPrizes keys ===
46:        "stone": "Stone Badge",
151:            "altPrizes": {
611:        "meganium": "Meganium",
926:        "yanmega": "Yanmega",
1430:        "houndstone": "Houndstone",
1663:        "ogerpon-cornerstone-mask": "Ogerpon (Cornerstone Mask)",

=== PokemonItem interface ===
import { WheelItem } from "./wheel-item";
import { PokemonType } from './pokemon-type';

export interface PokemonItem extends WheelItem {
  pokemonId: number;
  type1?: PokemonType;
  type2?: PokemonType | null;
  sprite: {
    front_default: string;
    front_shiny: string;
  } | null;
  shiny: boolean;
  power: 1 | 2 | 3 | 4 | 5;
}
=== ItemItem interface ===
import { ItemName } from "../services/items-service/item-names";
import { WheelItem } from "./wheel-item";

export interface ItemItem extends WheelItem {
  name: ItemName;
  sprite: string;
  description: string;
}