56dce90 gsd snapshot: pre-dispatch, uncommitted changes after 34m inactivity
a93a1d8 gsd snapshot: pre-dispatch, uncommitted changes after 31m inactivity
dc9600a gsd snapshot: uncommitted changes after 47m inactivity
f406d0b gsd snapshot: uncommitted changes after 349m inactivity
3220d57 gsd snapshot: uncommitted changes after 90m inactivity
c79472e chore: init gsd
d95b223 32 better graphics   second try (#33)
c6d64b1 30 better graphics (#31)
afc1686 28 pokémon types on battles (#29)
f6d2d4b HOTFIX - Shiny Pokédex Propagation
---
.gsd.migrating/auto.lock
.gsd.migrating/gsd.db
.gsd.migrating/gsd.db-shm
.gsd.migrating/gsd.db-wal
src/app/main-game/roulette-container/roulette-container.component.html
src/app/main-game/roulette-container/roulette-container.component.ts
src/app/main-game/roulette-container/roulettes/base-battle-roulette/base-battle-roulette.component.ts
src/app/main-game/roulette-container/roulettes/champion-battle-roulette/champion-battle-roulette.component.ts
src/app/main-game/roulette-container/roulettes/elite-four-battle-roulette/elite-four-battle-roulette.component.ts
src/app/main-game/roulette-container/roulettes/find-item-roulette/find-item-roulette.component.ts
src/app/main-game/roulette-container/roulettes/gym-battle-roulette/gym-battle-roulette.component.ts
src/app/services/game-state-service/game-state.ts
src/app/services/item-sprite-service/item-sprite.service.ts
src/app/services/items-service/item-names.ts
src/app/services/items-service/items-data.ts
src/app/services/trainer-service/trainer.service.ts
src/assets/i18n/de.json
src/assets/i18n/en.json
src/assets/i18n/es.json
src/assets/i18n/fr.json
src/assets/i18n/it.json
src/assets/i18n/pt.json
