=== TrainerService public methods ===
20:  providedIn: 'root'
24:  private static readonly DEFAULT_POTION: ItemItem = {
25:    text: 'items.potion.name',
26:    name: 'potion',
27:    sprite: 'https://raw.githubusercontent.com/PokeAPI/sprites/master/sprites/items/potion.png',
28:    fillStyle: 'purple',
29:    weight: 1,
30:    description: 'items.potion.description'
33:  private readonly gameStateSubscription: Subscription;
35:  constructor(private badgesService: BadgesService,
36:    private evolutionService: EvolutionService,
37:    private generationService: GenerationService,
38:    private itemSpriteService: ItemSpriteService,
39:    private pokemonService: PokemonService,
40:    private gameStateService: GameStateService) {
41:    this.gameStateSubscription = this.gameStateService.currentState.subscribe((gameState) => {
42:      this.syncBattleForms(gameState);
46:  trainerSpriteData = trainerSpriteData;
48:  private trainer = new BehaviorSubject<{ sprite: string }>({ sprite: './place-holder-pixel.png' });
49:  gender: string = 'male';
51:  trainerTeam: PokemonItem[] = [];
53:  storedPokemon: PokemonItem[] = [];
55:  private trainerTeamObservable = new BehaviorSubject<PokemonItem[]>(this.trainerTeam);
56:  private lastAddedPokemon: PokemonItem | null = null;
57:  private readonly battleStates = new Set<GameState>(['gym-battle', 'elite-four-battle', 'champion-battle']);
58:  private readonly temporaryBattleForms = palafinForms;
59:  private readonly stickyBattleFormGroups = stickyBattleForms;
60:  private megaBattleBaseId: number | null = null;
61:  private megaBattleOriginalPokemon: PokemonItem | null = null;
63:  trainerItems: ItemItem[] = [structuredClone(TrainerService.DEFAULT_POTION)];
64:  private trainerItemsObservable = new BehaviorSubject<ItemItem[]>(this.trainerItems);
66:  trainerBadges: Badge[] = [];
68:  private trainerBadgesObservable = new BehaviorSubject<Badge[]>(this.trainerBadges);
70:  ngOnDestroy(): void {
71:    this.gameStateSubscription.unsubscribe();
74:  getTrainer(): Observable<{ sprite: string }> {
75:    return this.trainer.asObservable();
78:  getTrainerSprite(generation: number, gender: string): string {
79:    return this.trainerSpriteData[generation][gender];
82:  setTrainer(generation: number, gender: string) {
83:    this.gender = gender;
84:    this.trainer.next({ sprite: this.getTrainerSprite(generation, gender) });
87:  addToTeam(pokemon: PokemonItem): void {
89:    pokemon = structuredClone(pokemon);
90:    this.loadPokemonSpriteIfMissing(pokemon);
92:    if(this.trainerTeam.length < 6) {
93:      this.trainerTeam.push(pokemon);
95:      this.storedPokemon.push(pokemon);
98:    this.lastAddedPokemon = pokemon;
99:    this.trainerTeamObservable.next(this.getTeam());
=== pokemon sprite URL pattern in existing code ===
src/app/main-game/roulette-container/roulettes/elite-four-battle-roulette/elite-four-battle-roulette.component.spec.ts:48:      of({ sprites: { other: { 'official-artwork': { front_default: 'url', front_shiny: 'url' } } } })
src/app/main-game/roulette-container/roulettes/gym-battle-roulette/gym-battle-roulette.component.spec.ts:50:      of({ sprites: { other: { 'official-artwork': { front_default: 'url', front_shiny: 'url' } } } })
src/app/pokedex/pokedex-detail-modal/pokedex-detail-modal.component.spec.ts:67:      'https://raw.githubusercontent.com/PokeAPI/sprites/master/sprites/pokemon/other/official-artwork/25.png'
src/app/pokedex/pokedex-detail-modal/pokedex-detail-modal.component.spec.ts:74:      'https://raw.githubusercontent.com/PokeAPI/sprites/master/sprites/pokemon/other/official-artwork/shiny/25.png'
src/app/pokedex/pokedex-detail-modal/pokedex-detail-modal.component.ts:49:    const base = 'https://raw.githubusercontent.com/PokeAPI/sprites/master/sprites/pokemon/other/official-artwork';
src/app/pokedex/pokedex-entry/pokedex-entry.component.spec.ts:15:  const seenEntry: PokedexEntry = { won: false, sprite: 'https://raw.githubusercontent.com/PokeAPI/sprites/master/sprites/pokemon/25.png' };
src/app/pokedex/pokedex-entry/pokedex-entry.component.spec.ts:16:  const wonEntry: PokedexEntry = { won: true, sprite: 'https://raw.githubusercontent.com/PokeAPI/sprites/master/sprites/pokemon/25.png' };
src/app/services/pokedex-service/pokedex.service.spec.ts:85:      'https://raw.githubusercontent.com/PokeAPI/sprites/master/sprites/pokemon/1.png'
src/app/services/pokedex-service/pokedex.service.spec.ts:93:      'https://raw.githubusercontent.com/PokeAPI/sprites/master/sprites/pokemon/7.png'
src/app/services/pokedex-service/pokedex.service.ts:73:    const url = `https://raw.githubusercontent.com/PokeAPI/sprites/master/sprites/pokemon/${pokemonId}.png`;
=== mega evolution icon - is there one? ===
=== i18n mega namespace ===
        "mega": {
          "who": "Who will receive a Mega Stone?",
          "whoMega": "Who mega-evolves this battle?"
        }
      },
      "trade": {
        "title": "Trade!",
        "received": "and received a",
        "sent": "You sent"
      }
    },
    "map": {
      "vermilion": "You are in Vermilion City"
    },
    "over": {
      "share": "Share",
      "shareTitle": "My progress",
      "shareText": "See how far I've gone!",
      "stoppedBy": "Run stopped by the ",
      "gymLeader": "Gym Leader",
      "eliteFour": "Elite 4",
