{
  "gymBattle": {
    "potion": "Got a Bonus Potion!",
    "potionDesc": "Since no evolution was possible, get the best Potion your money can buy!"
  },
  "visitDaycare": {
    "egg": "Got a Mysterious Egg!",
    "eggDesc": "The people from the Day Care gave you a Mysterious Egg!"
  },
  "battleRival": {
    "item": "Got an Item!",
    "itemDesc": "Your Rival said you only won by luck and gave you an Item!"
  },
  "battleTrainer": {
    "potion": "Got a Bonus Potion!",
    "potionDesc": "After the battle, the Trainer gave you a Potion!"
  },
  "teamRocket": {
    "item": "Got an Item!",
    "itemDesc": "Looks like Team Rocket is blasting off again! Oh, they left an Item!"
  },
  "snorlax": {
    "item": "Found an Item!",
    "itemDesc": "That Snorlax was holding an Item!"
  }
}
